Design Assistant report for mesure_f
Tue Jul 26 17:20:17 2016
Quartus II 64-Bit Version 11.0 Build 208 07/03/2011 Service Pack 1 SJ Full Version


---------------------
; Table of Contents ;
---------------------
  1. Legal Notice
  2. Design Assistant Summary
  3. Design Assistant Settings
  4. High Violations
  5. Medium Violations
  6. Information only Violations
  7. Design Assistant Messages



----------------
; Legal Notice ;
----------------
Copyright (C) 1991-2011 Altera Corporation
Your use of Altera Corporation's design tools, logic functions 
and other software and tools, and its AMPP partner logic 
functions, and any output files from any of the foregoing 
(including device programming or simulation files), and any 
associated documentation or information are expressly subject 
to the terms and conditions of the Altera Program License 
Subscription Agreement, Altera MegaCore Function License 
Agreement, or other applicable license agreement, including, 
without limitation, that your use is for the sole purpose of 
programming logic devices manufactured by Altera and sold by 
Altera or its authorized distributors.  Please refer to the 
applicable agreement for further details.



+-------------------------------------------------------------------------+
; Design Assistant Summary                                                ;
+-----------------------------------+-------------------------------------+
; Design Assistant Status           ; Analyzed - Tue Jul 26 17:20:17 2016 ;
; Revision Name                     ; mesure_f                            ;
; Top-level Entity Name             ; mesure_f                            ;
; Family                            ; Cyclone IV E                        ;
; Total Critical Violations         ; 0                                   ;
; Total High Violations             ; 32                                  ;
; - Rule D101                       ; 32                                  ;
; Total Medium Violations           ; 2                                   ;
; - Rule C104                       ; 2                                   ;
; Total Information only Violations ; 54                                  ;
; - Rule T101                       ; 4                                   ;
; - Rule T102                       ; 50                                  ;
+-----------------------------------+-------------------------------------+


+----------------------------------------------------------------------------------------------------------------------------------------------------------------------------------------------------------------------------------------------------------------------------------------------------------+
; Design Assistant Settings                                                                                                                                                                                                                                                                                ;
+--------------------------------------------------------------------------------------------------------------------------------------------------------------------------------------------------------------------------------------------------------------------------------------+--------------+----+
; Option                                                                                                                                                                                                                                                                               ; Setting      ; To ;
+--------------------------------------------------------------------------------------------------------------------------------------------------------------------------------------------------------------------------------------------------------------------------------------+--------------+----+
; Design Assistant mode                                                                                                                                                                                                                                                                ; Post-Fitting ;    ;
; Threshold value for clock net not mapped to clock spines rule                                                                                                                                                                                                                        ; 25           ;    ;
; Minimum number of clock port feed by gated clocks                                                                                                                                                                                                                                    ; 30           ;    ;
; Minimum number of node fan-out                                                                                                                                                                                                                                                       ; 30           ;    ;
; Maximum number of nodes to report                                                                                                                                                                                                                                                    ; 50           ;    ;
; Rule C101: Gated clock should be implemented according to the Altera standard scheme                                                                                                                                                                                                 ; On           ;    ;
; Rule C102: Logic cell should not be used to generate an inverted clock signal                                                                                                                                                                                                        ; On           ;    ;
; Rule C103: Gated clock does not feed at least a pre-defined number of clock ports to effectively save power                                                                                                                                                                          ; On           ;    ;
; Rule C104: Clock signal source should drive only clock input ports                                                                                                                                                                                                                   ; On           ;    ;
; Rule C105: Clock signal should be a global signal (Rule applies during post-fitting analysis. This rule applies during both post-fitting analysis and post-synthesis analysis if the design targets a MAX 3000 or MAX 7000 device. For more information, see the Help for the rule.) ; On           ;    ;
; Rule C106: Clock signal source should not drive registers triggered by different clock edges                                                                                                                                                                                         ; On           ;    ;
; Rule R101: Combinational logic used as a reset signal should be synchronized                                                                                                                                                                                                         ; On           ;    ;
; Rule R102: External reset signals should be synchronized using two cascaded registers                                                                                                                                                                                                ; On           ;    ;
; Rule R103: External reset signal should be correctly synchronized                                                                                                                                                                                                                    ; On           ;    ;
; Rule R104: The reset signal that is generated in one clock domain and used in another clock domain should be correctly synchronized                                                                                                                                                  ; On           ;    ;
; Rule R105: The reset signal that is generated in one clock domain and used in another clock domain should be synchronized                                                                                                                                                            ; On           ;    ;
; Rule T101: Nodes with more than the specified number of fan-outs                                                                                                                                                                                                                     ; On           ;    ;
; Rule T102: Top nodes with the highest number of fan-outs                                                                                                                                                                                                                             ; On           ;    ;
; Rule A101: Design should not contain combinational loops                                                                                                                                                                                                                             ; On           ;    ;
; Rule A102: Register output should not drive its own control signal directly or through combinational logic                                                                                                                                                                           ; On           ;    ;
; Rule A103: Design should not contain delay chains                                                                                                                                                                                                                                    ; On           ;    ;
; Rule A104: Design should not contain ripple clock structures                                                                                                                                                                                                                         ; On           ;    ;
; Rule A105: Pulses should not be implemented asynchronously                                                                                                                                                                                                                           ; On           ;    ;
; Rule A106: Multiple pulses should not be generated in design                                                                                                                                                                                                                         ; On           ;    ;
; Rule A107: Design should not contain SR latches                                                                                                                                                                                                                                      ; On           ;    ;
; Rule A108: Design should not contain latches                                                                                                                                                                                                                                         ; On           ;    ;
; Rule S101: Output enable and input of the same tri-state node should not be driven by same signal source                                                                                                                                                                             ; On           ;    ;
; Rule S102: Synchronous port and asynchronous port of the same register should not be driven by the same signal source                                                                                                                                                                ; On           ;    ;
; Rule S103: More than one asynchronous port of a register should not be driven by the same signal source                                                                                                                                                                              ; On           ;    ;
; Rule S104: Clock port and any other port of a register should not be driven by the same signal source                                                                                                                                                                                ; On           ;    ;
; Rule D101: Data bits are not synchronized when transferred between asynchronous clock domains                                                                                                                                                                                        ; On           ;    ;
; Rule D102: Multiple data bits that are transferred across asynchronous clock domains are synchronized, but not all bits may be aligned in the receiving clock domain                                                                                                                 ; On           ;    ;
; Rule D103: Data bits are not correctly synchronized when transferred between asynchronous clock domains                                                                                                                                                                              ; On           ;    ;
; Rule M101: Data bits are not synchronized when transferred to the state machine of asynchronous clock domains                                                                                                                                                                        ; Off          ;    ;
; Rule M102: No reset signal defined to initialize the state machine                                                                                                                                                                                                                   ; Off          ;    ;
; Rule M103: State machine should not contain an unreachable state                                                                                                                                                                                                                     ; Off          ;    ;
; Rule M104: State machine should not contain a deadlock state                                                                                                                                                                                                                         ; Off          ;    ;
; Rule M105: State machine should not contain a dead transition                                                                                                                                                                                                                        ; Off          ;    ;
+--------------------------------------------------------------------------------------------------------------------------------------------------------------------------------------------------------------------------------------------------------------------------------------+--------------+----+


+------------------------------------------------------------------------------------------------------------------------------+
; High Violations                                                                                                              ;
+--------------------------------------------------------------------------------------------------------------+---------------+
; Rule name                                                                                                    ; Name          ;
+--------------------------------------------------------------------------------------------------------------+---------------+
; Rule D101: Data bits are not synchronized when transferred between asynchronous clock domains - Structure 1  ;               ;
;  Source node(s) from clock "fx"                                                                              ; fxCntTemp[16] ;
;  Destination node(s) from clock "startCnt"                                                                   ; fxCnt[16]     ;
; Rule D101: Data bits are not synchronized when transferred between asynchronous clock domains - Structure 2  ;               ;
;  Source node(s) from clock "fx"                                                                              ; fxCntTemp[15] ;
;  Destination node(s) from clock "startCnt"                                                                   ; fxCnt[15]     ;
; Rule D101: Data bits are not synchronized when transferred between asynchronous clock domains - Structure 3  ;               ;
;  Source node(s) from clock "fx"                                                                              ; fxCntTemp[14] ;
;  Destination node(s) from clock "startCnt"                                                                   ; fxCnt[14]     ;
; Rule D101: Data bits are not synchronized when transferred between asynchronous clock domains - Structure 4  ;               ;
;  Source node(s) from clock "fx"                                                                              ; fxCntTemp[13] ;
;  Destination node(s) from clock "startCnt"                                                                   ; fxCnt[13]     ;
; Rule D101: Data bits are not synchronized when transferred between asynchronous clock domains - Structure 5  ;               ;
;  Source node(s) from clock "fx"                                                                              ; fxCntTemp[12] ;
;  Destination node(s) from clock "startCnt"                                                                   ; fxCnt[12]     ;
; Rule D101: Data bits are not synchronized when transferred between asynchronous clock domains - Structure 6  ;               ;
;  Source node(s) from clock "fx"                                                                              ; fxCntTemp[11] ;
;  Destination node(s) from clock "startCnt"                                                                   ; fxCnt[11]     ;
; Rule D101: Data bits are not synchronized when transferred between asynchronous clock domains - Structure 7  ;               ;
;  Source node(s) from clock "fx"                                                                              ; fxCntTemp[10] ;
;  Destination node(s) from clock "startCnt"                                                                   ; fxCnt[10]     ;
; Rule D101: Data bits are not synchronized when transferred between asynchronous clock domains - Structure 8  ;               ;
;  Source node(s) from clock "fx"                                                                              ; fxCntTemp[9]  ;
;  Destination node(s) from clock "startCnt"                                                                   ; fxCnt[9]      ;
; Rule D101: Data bits are not synchronized when transferred between asynchronous clock domains - Structure 9  ;               ;
;  Source node(s) from clock "fx"                                                                              ; fxCntTemp[8]  ;
;  Destination node(s) from clock "startCnt"                                                                   ; fxCnt[8]      ;
; Rule D101: Data bits are not synchronized when transferred between asynchronous clock domains - Structure 10 ;               ;
;  Source node(s) from clock "fx"                                                                              ; fxCntTemp[7]  ;
;  Destination node(s) from clock "startCnt"                                                                   ; fxCnt[7]      ;
; Rule D101: Data bits are not synchronized when transferred between asynchronous clock domains - Structure 11 ;               ;
;  Source node(s) from clock "fx"                                                                              ; fxCntTemp[6]  ;
;  Destination node(s) from clock "startCnt"                                                                   ; fxCnt[6]      ;
; Rule D101: Data bits are not synchronized when transferred between asynchronous clock domains - Structure 12 ;               ;
;  Source node(s) from clock "fx"                                                                              ; fxCntTemp[5]  ;
;  Destination node(s) from clock "startCnt"                                                                   ; fxCnt[5]      ;
; Rule D101: Data bits are not synchronized when transferred between asynchronous clock domains - Structure 13 ;               ;
;  Source node(s) from clock "fx"                                                                              ; fxCntTemp[4]  ;
;  Destination node(s) from clock "startCnt"                                                                   ; fxCnt[4]      ;
; Rule D101: Data bits are not synchronized when transferred between asynchronous clock domains - Structure 14 ;               ;
;  Source node(s) from clock "fx"                                                                              ; fxCntTemp[3]  ;
;  Destination node(s) from clock "startCnt"                                                                   ; fxCnt[3]      ;
; Rule D101: Data bits are not synchronized when transferred between asynchronous clock domains - Structure 15 ;               ;
;  Source node(s) from clock "fx"                                                                              ; fxCntTemp[2]  ;
;  Destination node(s) from clock "startCnt"                                                                   ; fxCnt[2]      ;
; Rule D101: Data bits are not synchronized when transferred between asynchronous clock domains - Structure 16 ;               ;
;  Source node(s) from clock "fx"                                                                              ; fxCntTemp[1]  ;
;  Destination node(s) from clock "startCnt"                                                                   ; fxCnt[1]      ;
; Rule D101: Data bits are not synchronized when transferred between asynchronous clock domains - Structure 17 ;               ;
;  Source node(s) from clock "fx"                                                                              ; fxCntTemp[0]  ;
;  Destination node(s) from clock "startCnt"                                                                   ; fxCnt[0]      ;
; Rule D101: Data bits are not synchronized when transferred between asynchronous clock domains - Structure 18 ;               ;
;  Source node(s) from clock "fx"                                                                              ; fxCntTemp[24] ;
;  Destination node(s) from clock "startCnt"                                                                   ; fxCnt[24]     ;
; Rule D101: Data bits are not synchronized when transferred between asynchronous clock domains - Structure 19 ;               ;
;  Source node(s) from clock "fx"                                                                              ; fxCntTemp[23] ;
;  Destination node(s) from clock "startCnt"                                                                   ; fxCnt[23]     ;
; Rule D101: Data bits are not synchronized when transferred between asynchronous clock domains - Structure 20 ;               ;
;  Source node(s) from clock "fx"                                                                              ; fxCntTemp[22] ;
;  Destination node(s) from clock "startCnt"                                                                   ; fxCnt[22]     ;
; Rule D101: Data bits are not synchronized when transferred between asynchronous clock domains - Structure 21 ;               ;
;  Source node(s) from clock "fx"                                                                              ; fxCntTemp[21] ;
;  Destination node(s) from clock "startCnt"                                                                   ; fxCnt[21]     ;
; Rule D101: Data bits are not synchronized when transferred between asynchronous clock domains - Structure 22 ;               ;
;  Source node(s) from clock "fx"                                                                              ; fxCntTemp[20] ;
;  Destination node(s) from clock "startCnt"                                                                   ; fxCnt[20]     ;
; Rule D101: Data bits are not synchronized when transferred between asynchronous clock domains - Structure 23 ;               ;
;  Source node(s) from clock "fx"                                                                              ; fxCntTemp[19] ;
;  Destination node(s) from clock "startCnt"                                                                   ; fxCnt[19]     ;
; Rule D101: Data bits are not synchronized when transferred between asynchronous clock domains - Structure 24 ;               ;
;  Source node(s) from clock "fx"                                                                              ; fxCntTemp[18] ;
;  Destination node(s) from clock "startCnt"                                                                   ; fxCnt[18]     ;
; Rule D101: Data bits are not synchronized when transferred between asynchronous clock domains - Structure 25 ;               ;
;  Source node(s) from clock "fx"                                                                              ; fxCntTemp[17] ;
;  Destination node(s) from clock "startCnt"                                                                   ; fxCnt[17]     ;
; Rule D101: Data bits are not synchronized when transferred between asynchronous clock domains - Structure 26 ;               ;
;  Source node(s) from clock "fx"                                                                              ; fxCntTemp[25] ;
;  Destination node(s) from clock "startCnt"                                                                   ; fxCnt[25]     ;
; Rule D101: Data bits are not synchronized when transferred between asynchronous clock domains - Structure 27 ;               ;
;  Source node(s) from clock "fx"                                                                              ; fxCntTemp[26] ;
;  Destination node(s) from clock "startCnt"                                                                   ; fxCnt[26]     ;
; Rule D101: Data bits are not synchronized when transferred between asynchronous clock domains - Structure 28 ;               ;
;  Source node(s) from clock "fx"                                                                              ; fxCntTemp[27] ;
;  Destination node(s) from clock "startCnt"                                                                   ; fxCnt[27]     ;
; Rule D101: Data bits are not synchronized when transferred between asynchronous clock domains - Structure 29 ;               ;
;  Source node(s) from clock "fx"                                                                              ; fxCntTemp[28] ;
;  Destination node(s) from clock "startCnt"                                                                   ; fxCnt[28]     ;
; Rule D101: Data bits are not synchronized when transferred between asynchronous clock domains - Structure 30 ;               ;
;  Source node(s) from clock "fx"                                                                              ; fxCntTemp[29] ;
;  Destination node(s) from clock "startCnt"                                                                   ; fxCnt[29]     ;
; Rule D101: Data bits are not synchronized when transferred between asynchronous clock domains - Structure 31 ;               ;
;  Structure 31                                                                                                ; fxCntTemp[30] ;
; Rule D101: Data bits are not synchronized when transferred between asynchronous clock domains - Structure 32 ;               ;
;  Structure 32                                                                                                ; fxCntTemp[31] ;
+--------------------------------------------------------------------------------------------------------------+---------------+


+---------------------------------------------------------------------------------------+
; Medium Violations                                                                     ;
+--------------------------------------------------------------------+------------------+
; Rule name                                                          ; Name             ;
+--------------------------------------------------------------------+------------------+
; Rule C104: Clock signal source should drive only clock input ports ; startCnt         ;
;  Clock ports destination node(s) list                              ; fbaseCnt[8]      ;
;  Clock ports destination node(s) list                              ; fbaseCnt[16]     ;
;  Clock ports destination node(s) list                              ; fbaseCnt[0]      ;
;  Clock ports destination node(s) list                              ; fbaseCnt[24]     ;
;  Clock ports destination node(s) list                              ; fxCnt[16]        ;
;  Clock ports destination node(s) list                              ; fxCnt[8]         ;
;  Clock ports destination node(s) list                              ; fxCnt[0]         ;
;  Clock ports destination node(s) list                              ; fxCnt[24]        ;
;  Clock ports destination node(s) list                              ; fbaseCnt[9]      ;
;  Clock ports destination node(s) list                              ; fbaseCnt[17]     ;
;  Non-clock ports destination node(s) list                          ; fbaseCntTemp[8]  ;
;  Non-clock ports destination node(s) list                          ; fbaseCntTemp[7]  ;
;  Non-clock ports destination node(s) list                          ; fbaseCntTemp[6]  ;
;  Non-clock ports destination node(s) list                          ; fbaseCntTemp[5]  ;
;  Non-clock ports destination node(s) list                          ; fbaseCntTemp[4]  ;
;  Non-clock ports destination node(s) list                          ; fbaseCntTemp[3]  ;
;  Non-clock ports destination node(s) list                          ; fbaseCntTemp[2]  ;
;  Non-clock ports destination node(s) list                          ; fbaseCntTemp[1]  ;
;  Non-clock ports destination node(s) list                          ; fbaseCntTemp[0]  ;
;  Non-clock ports destination node(s) list                          ; fbaseCntTemp[16] ;
; Rule C104: Clock signal source should drive only clock input ports ; clk_25mhz~reg0   ;
;  Clock ports destination node(s) list                              ; clk_cnthz~reg0   ;
;  Clock ports destination node(s) list                              ; counter3[29]     ;
;  Clock ports destination node(s) list                              ; counter3[28]     ;
;  Clock ports destination node(s) list                              ; counter3[16]     ;
;  Clock ports destination node(s) list                              ; counter3[17]     ;
;  Clock ports destination node(s) list                              ; counter3[18]     ;
;  Clock ports destination node(s) list                              ; counter3[19]     ;
;  Clock ports destination node(s) list                              ; counter3[21]     ;
;  Clock ports destination node(s) list                              ; counter3[22]     ;
;  Clock ports destination node(s) list                              ; counter3[23]     ;
+--------------------------------------------------------------------+------------------+


+-------------------------------------------------------------------------------------------------------------------------------------------------------------------------------------+
; Information only Violations                                                                                                                                                         ;
+------------------------------------------------------------------+--------------------------------------------------------------------------------------------------------+---------+
; Rule name                                                        ; Name                                                                                                   ; Fan-Out ;
+------------------------------------------------------------------+--------------------------------------------------------------------------------------------------------+---------+
; Rule T101: Nodes with more than the specified number of fan-outs ; PLL_test:PLL_test_inst|altpll:altpll_component|PLL_test_altpll:auto_generated|wire_pll1_clk[0]~clkctrl ; 32      ;
; Rule T101: Nodes with more than the specified number of fan-outs ; startCnt                                                                                               ; 65      ;
; Rule T101: Nodes with more than the specified number of fan-outs ; clk_25mhz~reg0clkctrl                                                                                  ; 31      ;
; Rule T101: Nodes with more than the specified number of fan-outs ; startCnt~clkctrl                                                                                       ; 64      ;
; Rule T102: Top nodes with the highest number of fan-outs         ; startCnt                                                                                               ; 65      ;
; Rule T102: Top nodes with the highest number of fan-outs         ; startCnt~clkctrl                                                                                       ; 64      ;
; Rule T102: Top nodes with the highest number of fan-outs         ; PLL_test:PLL_test_inst|altpll:altpll_component|PLL_test_altpll:auto_generated|wire_pll1_clk[0]~clkctrl ; 32      ;
; Rule T102: Top nodes with the highest number of fan-outs         ; clk_25mhz~reg0clkctrl                                                                                  ; 31      ;
; Rule T102: Top nodes with the highest number of fan-outs         ; Equal0~9                                                                                               ; 13      ;
; Rule T102: Top nodes with the highest number of fan-outs         ; clk_25mhz~reg0                                                                                         ; 3       ;
; Rule T102: Top nodes with the highest number of fan-outs         ; clk_cnthz~reg0                                                                                         ; 3       ;
; Rule T102: Top nodes with the highest number of fan-outs         ; fbaseCntTemp[8]                                                                                        ; 2       ;
; Rule T102: Top nodes with the highest number of fan-outs         ; counter3[6]                                                                                            ; 2       ;
; Rule T102: Top nodes with the highest number of fan-outs         ; counter3[16]                                                                                           ; 2       ;
; Rule T102: Top nodes with the highest number of fan-outs         ; fbaseCntTemp[9]                                                                                        ; 2       ;
; Rule T102: Top nodes with the highest number of fan-outs         ; fxCntTemp[10]                                                                                          ; 2       ;
; Rule T102: Top nodes with the highest number of fan-outs         ; counter3[17]                                                                                           ; 2       ;
; Rule T102: Top nodes with the highest number of fan-outs         ; counter3[7]                                                                                            ; 2       ;
; Rule T102: Top nodes with the highest number of fan-outs         ; counter3[18]                                                                                           ; 2       ;
; Rule T102: Top nodes with the highest number of fan-outs         ; fbaseCntTemp[19]                                                                                       ; 2       ;
; Rule T102: Top nodes with the highest number of fan-outs         ; fbaseCntTemp[20]                                                                                       ; 2       ;
; Rule T102: Top nodes with the highest number of fan-outs         ; counter3[19]                                                                                           ; 2       ;
; Rule T102: Top nodes with the highest number of fan-outs         ; counter3[10]                                                                                           ; 2       ;
; Rule T102: Top nodes with the highest number of fan-outs         ; counter3[21]                                                                                           ; 2       ;
; Rule T102: Top nodes with the highest number of fan-outs         ; fbaseCntTemp[15]                                                                                       ; 2       ;
; Rule T102: Top nodes with the highest number of fan-outs         ; counter3[22]                                                                                           ; 2       ;
; Rule T102: Top nodes with the highest number of fan-outs         ; fxCntTemp[6]                                                                                           ; 2       ;
; Rule T102: Top nodes with the highest number of fan-outs         ; counter3[23]                                                                                           ; 2       ;
; Rule T102: Top nodes with the highest number of fan-outs         ; fxCntTemp[27]                                                                                          ; 2       ;
; Rule T102: Top nodes with the highest number of fan-outs         ; fbaseCntTemp[7]                                                                                        ; 2       ;
; Rule T102: Top nodes with the highest number of fan-outs         ; counter3[20]                                                                                           ; 2       ;
; Rule T102: Top nodes with the highest number of fan-outs         ; fxCntTemp[25]                                                                                          ; 2       ;
; Rule T102: Top nodes with the highest number of fan-outs         ; fbaseCntTemp[11]                                                                                       ; 2       ;
; Rule T102: Top nodes with the highest number of fan-outs         ; counter3[11]                                                                                           ; 2       ;
; Rule T102: Top nodes with the highest number of fan-outs         ; fxCntTemp[9]                                                                                           ; 2       ;
; Rule T102: Top nodes with the highest number of fan-outs         ; fxCntTemp[31]                                                                                          ; 2       ;
; Rule T102: Top nodes with the highest number of fan-outs         ; counter3[9]                                                                                            ; 2       ;
; Rule T102: Top nodes with the highest number of fan-outs         ; fxCntTemp[17]                                                                                          ; 2       ;
; Rule T102: Top nodes with the highest number of fan-outs         ; fxCntTemp[2]                                                                                           ; 2       ;
; Rule T102: Top nodes with the highest number of fan-outs         ; counter3[8]                                                                                            ; 2       ;
; Rule T102: Top nodes with the highest number of fan-outs         ; fbaseCntTemp[0]                                                                                        ; 2       ;
; Rule T102: Top nodes with the highest number of fan-outs         ; fbaseCntTemp[22]                                                                                       ; 2       ;
; Rule T102: Top nodes with the highest number of fan-outs         ; fbaseCntTemp[21]                                                                                       ; 2       ;
; Rule T102: Top nodes with the highest number of fan-outs         ; fbaseCntTemp[14]                                                                                       ; 2       ;
; Rule T102: Top nodes with the highest number of fan-outs         ; fbaseCntTemp[6]                                                                                        ; 2       ;
; Rule T102: Top nodes with the highest number of fan-outs         ; fxCntTemp[24]                                                                                          ; 2       ;
; Rule T102: Top nodes with the highest number of fan-outs         ; counter3[13]                                                                                           ; 2       ;
; Rule T102: Top nodes with the highest number of fan-outs         ; fbaseCntTemp[24]                                                                                       ; 2       ;
; Rule T102: Top nodes with the highest number of fan-outs         ; fbaseCntTemp[3]                                                                                        ; 2       ;
; Rule T102: Top nodes with the highest number of fan-outs         ; counter3[12]                                                                                           ; 2       ;
; Rule T102: Top nodes with the highest number of fan-outs         ; fxCntTemp[3]                                                                                           ; 2       ;
; Rule T102: Top nodes with the highest number of fan-outs         ; fxCntTemp[8]                                                                                           ; 2       ;
; Rule T102: Top nodes with the highest number of fan-outs         ; fxCntTemp[30]                                                                                          ; 2       ;
; Rule T102: Top nodes with the highest number of fan-outs         ; counter3[15]                                                                                           ; 2       ;
+------------------------------------------------------------------+--------------------------------------------------------------------------------------------------------+---------+


+---------------------------+
; Design Assistant Messages ;
+---------------------------+
Info: *******************************************************************
Info: Running Quartus II 64-Bit Design Assistant
    Info: Version 11.0 Build 208 07/03/2011 Service Pack 1 SJ Full Version
    Info: Processing started: Tue Jul 26 17:20:16 2016
Info: Command: quartus_drc --read_settings_files=on --write_settings_files=off mesure_f -c mesure_f
Critical Warning: Synopsys Design Constraints File file not found: 'mesure_f.sdc'. A Synopsys Design Constraints File is required by the TimeQuest Timing Analyzer to get proper timing constraints. Without it, the Compiler will not properly optimize the design.
Info: No user constrained generated clocks found in the design
Info: No user constrained base clocks found in the design
Info: No user constrained clock uncertainty found in the design. Calling "derive_clock_uncertainty"
Info: Deriving Clock Uncertainty
    Info: set_clock_uncertainty -rise_from [get_clocks {startCnt}] -rise_to [get_clocks {PLL_test_inst|altpll_component|auto_generated|pll1|clk[0]}] -setup 0.070
    Info: set_clock_uncertainty -rise_from [get_clocks {startCnt}] -fall_to [get_clocks {PLL_test_inst|altpll_component|auto_generated|pll1|clk[0]}] -setup 0.070
    Info: set_clock_uncertainty -fall_from [get_clocks {startCnt}] -rise_to [get_clocks {PLL_test_inst|altpll_component|auto_generated|pll1|clk[0]}] -setup 0.070
    Info: set_clock_uncertainty -fall_from [get_clocks {startCnt}] -fall_to [get_clocks {PLL_test_inst|altpll_component|auto_generated|pll1|clk[0]}] -setup 0.070
    Info: set_clock_uncertainty -rise_from [get_clocks {startCnt}] -rise_to [get_clocks {PLL_test_inst|altpll_component|auto_generated|pll1|clk[0]}] -hold 0.100
    Info: set_clock_uncertainty -rise_from [get_clocks {startCnt}] -fall_to [get_clocks {PLL_test_inst|altpll_component|auto_generated|pll1|clk[0]}] -hold 0.100
    Info: set_clock_uncertainty -fall_from [get_clocks {startCnt}] -rise_to [get_clocks {PLL_test_inst|altpll_component|auto_generated|pll1|clk[0]}] -hold 0.100
    Info: set_clock_uncertainty -fall_from [get_clocks {startCnt}] -fall_to [get_clocks {PLL_test_inst|altpll_component|auto_generated|pll1|clk[0]}] -hold 0.100
    Info: set_clock_uncertainty -rise_from [get_clocks {startCnt}] -rise_to [get_clocks {fx}] -setup 0.030
    Info: set_clock_uncertainty -rise_from [get_clocks {startCnt}] -fall_to [get_clocks {fx}] -setup 0.030
    Info: set_clock_uncertainty -fall_from [get_clocks {startCnt}] -rise_to [get_clocks {fx}] -setup 0.030
    Info: set_clock_uncertainty -fall_from [get_clocks {startCnt}] -fall_to [get_clocks {fx}] -setup 0.030
    Info: set_clock_uncertainty -rise_from [get_clocks {startCnt}] -rise_to [get_clocks {fx}] -hold 0.030
    Info: set_clock_uncertainty -rise_from [get_clocks {startCnt}] -fall_to [get_clocks {fx}] -hold 0.030
    Info: set_clock_uncertainty -fall_from [get_clocks {startCnt}] -rise_to [get_clocks {fx}] -hold 0.030
    Info: set_clock_uncertainty -fall_from [get_clocks {startCnt}] -fall_to [get_clocks {fx}] -hold 0.030
    Info: set_clock_uncertainty -rise_from [get_clocks {PLL_test_inst|altpll_component|auto_generated|pll1|clk[0]}] -rise_to [get_clocks {startCnt}] -setup 0.100
    Info: set_clock_uncertainty -rise_from [get_clocks {PLL_test_inst|altpll_component|auto_generated|pll1|clk[0]}] -fall_to [get_clocks {startCnt}] -setup 0.100
    Info: set_clock_uncertainty -fall_from [get_clocks {PLL_test_inst|altpll_component|auto_generated|pll1|clk[0]}] -rise_to [get_clocks {startCnt}] -setup 0.100
    Info: set_clock_uncertainty -fall_from [get_clocks {PLL_test_inst|altpll_component|auto_generated|pll1|clk[0]}] -fall_to [get_clocks {startCnt}] -setup 0.100
    Info: set_clock_uncertainty -rise_from [get_clocks {PLL_test_inst|altpll_component|auto_generated|pll1|clk[0]}] -rise_to [get_clocks {startCnt}] -hold 0.070
    Info: set_clock_uncertainty -rise_from [get_clocks {PLL_test_inst|altpll_component|auto_generated|pll1|clk[0]}] -fall_to [get_clocks {startCnt}] -hold 0.070
    Info: set_clock_uncertainty -fall_from [get_clocks {PLL_test_inst|altpll_component|auto_generated|pll1|clk[0]}] -rise_to [get_clocks {startCnt}] -hold 0.070
    Info: set_clock_uncertainty -fall_from [get_clocks {PLL_test_inst|altpll_component|auto_generated|pll1|clk[0]}] -fall_to [get_clocks {startCnt}] -hold 0.070
    Info: set_clock_uncertainty -rise_from [get_clocks {PLL_test_inst|altpll_component|auto_generated|pll1|clk[0]}] -rise_to [get_clocks {PLL_test_inst|altpll_component|auto_generated|pll1|clk[0]}] -setup 0.020
    Info: set_clock_uncertainty -rise_from [get_clocks {PLL_test_inst|altpll_component|auto_generated|pll1|clk[0]}] -fall_to [get_clocks {PLL_test_inst|altpll_component|auto_generated|pll1|clk[0]}] -setup 0.020
    Info: set_clock_uncertainty -fall_from [get_clocks {PLL_test_inst|altpll_component|auto_generated|pll1|clk[0]}] -rise_to [get_clocks {PLL_test_inst|altpll_component|auto_generated|pll1|clk[0]}] -setup 0.020
    Info: set_clock_uncertainty -fall_from [get_clocks {PLL_test_inst|altpll_component|auto_generated|pll1|clk[0]}] -fall_to [get_clocks {PLL_test_inst|altpll_component|auto_generated|pll1|clk[0]}] -setup 0.020
    Info: set_clock_uncertainty -rise_from [get_clocks {PLL_test_inst|altpll_component|auto_generated|pll1|clk[0]}] -rise_to [get_clocks {PLL_test_inst|altpll_component|auto_generated|pll1|clk[0]}] -hold 0.020
    Info: set_clock_uncertainty -rise_from [get_clocks {PLL_test_inst|altpll_component|auto_generated|pll1|clk[0]}] -fall_to [get_clocks {PLL_test_inst|altpll_component|auto_generated|pll1|clk[0]}] -hold 0.020
    Info: set_clock_uncertainty -fall_from [get_clocks {PLL_test_inst|altpll_component|auto_generated|pll1|clk[0]}] -rise_to [get_clocks {PLL_test_inst|altpll_component|auto_generated|pll1|clk[0]}] -hold 0.020
    Info: set_clock_uncertainty -fall_from [get_clocks {PLL_test_inst|altpll_component|auto_generated|pll1|clk[0]}] -fall_to [get_clocks {PLL_test_inst|altpll_component|auto_generated|pll1|clk[0]}] -hold 0.020
    Info: set_clock_uncertainty -rise_from [get_clocks {fx}] -rise_to [get_clocks {startCnt}] -setup 0.030
    Info: set_clock_uncertainty -rise_from [get_clocks {fx}] -fall_to [get_clocks {startCnt}] -setup 0.030
    Info: set_clock_uncertainty -fall_from [get_clocks {fx}] -rise_to [get_clocks {startCnt}] -setup 0.030
    Info: set_clock_uncertainty -fall_from [get_clocks {fx}] -fall_to [get_clocks {startCnt}] -setup 0.030
    Info: set_clock_uncertainty -rise_from [get_clocks {fx}] -rise_to [get_clocks {startCnt}] -hold 0.030
    Info: set_clock_uncertainty -rise_from [get_clocks {fx}] -fall_to [get_clocks {startCnt}] -hold 0.030
    Info: set_clock_uncertainty -fall_from [get_clocks {fx}] -rise_to [get_clocks {startCnt}] -hold 0.030
    Info: set_clock_uncertainty -fall_from [get_clocks {fx}] -fall_to [get_clocks {startCnt}] -hold 0.030
    Info: set_clock_uncertainty -rise_from [get_clocks {clk_25mhz~reg0}] -rise_to [get_clocks {sysclk}] -setup 0.030
    Info: set_clock_uncertainty -rise_from [get_clocks {clk_25mhz~reg0}] -fall_to [get_clocks {sysclk}] -setup 0.030
    Info: set_clock_uncertainty -fall_from [get_clocks {clk_25mhz~reg0}] -rise_to [get_clocks {sysclk}] -setup 0.030
    Info: set_clock_uncertainty -fall_from [get_clocks {clk_25mhz~reg0}] -fall_to [get_clocks {sysclk}] -setup 0.030
    Info: set_clock_uncertainty -rise_from [get_clocks {clk_25mhz~reg0}] -rise_to [get_clocks {sysclk}] -hold 0.030
    Info: set_clock_uncertainty -rise_from [get_clocks {clk_25mhz~reg0}] -fall_to [get_clocks {sysclk}] -hold 0.030
    Info: set_clock_uncertainty -fall_from [get_clocks {clk_25mhz~reg0}] -rise_to [get_clocks {sysclk}] -hold 0.030
    Info: set_clock_uncertainty -fall_from [get_clocks {clk_25mhz~reg0}] -fall_to [get_clocks {sysclk}] -hold 0.030
    Info: set_clock_uncertainty -rise_from [get_clocks {clk_25mhz~reg0}] -rise_to [get_clocks {startCnt}] -setup 0.020
    Info: set_clock_uncertainty -rise_from [get_clocks {clk_25mhz~reg0}] -fall_to [get_clocks {startCnt}] -setup 0.020
    Info: set_clock_uncertainty -fall_from [get_clocks {clk_25mhz~reg0}] -rise_to [get_clocks {startCnt}] -setup 0.020
    Info: set_clock_uncertainty -fall_from [get_clocks {clk_25mhz~reg0}] -fall_to [get_clocks {startCnt}] -setup 0.020
    Info: set_clock_uncertainty -rise_from [get_clocks {clk_25mhz~reg0}] -rise_to [get_clocks {startCnt}] -hold 0.020
    Info: set_clock_uncertainty -rise_from [get_clocks {clk_25mhz~reg0}] -fall_to [get_clocks {startCnt}] -hold 0.020
    Info: set_clock_uncertainty -fall_from [get_clocks {clk_25mhz~reg0}] -rise_to [get_clocks {startCnt}] -hold 0.020
    Info: set_clock_uncertainty -fall_from [get_clocks {clk_25mhz~reg0}] -fall_to [get_clocks {startCnt}] -hold 0.020
    Info: set_clock_uncertainty -rise_from [get_clocks {clk_25mhz~reg0}] -rise_to [get_clocks {fx}] -setup 0.030
    Info: set_clock_uncertainty -rise_from [get_clocks {clk_25mhz~reg0}] -fall_to [get_clocks {fx}] -setup 0.030
    Info: set_clock_uncertainty -fall_from [get_clocks {clk_25mhz~reg0}] -rise_to [get_clocks {fx}] -setup 0.030
    Info: set_clock_uncertainty -fall_from [get_clocks {clk_25mhz~reg0}] -fall_to [get_clocks {fx}] -setup 0.030
    Info: set_clock_uncertainty -rise_from [get_clocks {clk_25mhz~reg0}] -rise_to [get_clocks {fx}] -hold 0.030
    Info: set_clock_uncertainty -rise_from [get_clocks {clk_25mhz~reg0}] -fall_to [get_clocks {fx}] -hold 0.030
    Info: set_clock_uncertainty -fall_from [get_clocks {clk_25mhz~reg0}] -rise_to [get_clocks {fx}] -hold 0.030
    Info: set_clock_uncertainty -fall_from [get_clocks {clk_25mhz~reg0}] -fall_to [get_clocks {fx}] -hold 0.030
    Info: set_clock_uncertainty -rise_from [get_clocks {clk_25mhz~reg0}] -rise_to [get_clocks {clk_25mhz~reg0}] -setup 0.020
    Info: set_clock_uncertainty -rise_from [get_clocks {clk_25mhz~reg0}] -fall_to [get_clocks {clk_25mhz~reg0}] -setup 0.020
    Info: set_clock_uncertainty -fall_from [get_clocks {clk_25mhz~reg0}] -rise_to [get_clocks {clk_25mhz~reg0}] -setup 0.020
    Info: set_clock_uncertainty -fall_from [get_clocks {clk_25mhz~reg0}] -fall_to [get_clocks {clk_25mhz~reg0}] -setup 0.020
    Info: set_clock_uncertainty -rise_from [get_clocks {clk_25mhz~reg0}] -rise_to [get_clocks {clk_25mhz~reg0}] -hold 0.020
    Info: set_clock_uncertainty -rise_from [get_clocks {clk_25mhz~reg0}] -fall_to [get_clocks {clk_25mhz~reg0}] -hold 0.020
    Info: set_clock_uncertainty -fall_from [get_clocks {clk_25mhz~reg0}] -rise_to [get_clocks {clk_25mhz~reg0}] -hold 0.020
    Info: set_clock_uncertainty -fall_from [get_clocks {clk_25mhz~reg0}] -fall_to [get_clocks {clk_25mhz~reg0}] -hold 0.020
Critical Warning: (High) Rule D101: Data bits are not synchronized when transferred between asynchronous clock domains. (Value defined:2). Found 32 asynchronous clock domain interface structure(s) related to this rule.
    Critical Warning: Node  "fxCntTemp[16]"
    Critical Warning: Node  "fxCntTemp[15]"
    Critical Warning: Node  "fxCntTemp[14]"
    Critical Warning: Node  "fxCntTemp[13]"
    Critical Warning: Node  "fxCntTemp[12]"
    Critical Warning: Node  "fxCntTemp[11]"
    Critical Warning: Node  "fxCntTemp[10]"
    Critical Warning: Node  "fxCntTemp[9]"
    Critical Warning: Node  "fxCntTemp[8]"
    Critical Warning: Node  "fxCntTemp[7]"
    Critical Warning: Node  "fxCntTemp[6]"
    Critical Warning: Node  "fxCntTemp[5]"
    Critical Warning: Node  "fxCntTemp[4]"
    Critical Warning: Node  "fxCntTemp[3]"
    Critical Warning: Node  "fxCntTemp[2]"
    Critical Warning: Node  "fxCntTemp[1]"
    Critical Warning: Node  "fxCntTemp[0]"
    Critical Warning: Node  "fxCntTemp[24]"
    Critical Warning: Node  "fxCntTemp[23]"
    Critical Warning: Node  "fxCntTemp[22]"
    Critical Warning: Node  "fxCntTemp[21]"
    Critical Warning: Node  "fxCntTemp[20]"
    Critical Warning: Node  "fxCntTemp[19]"
    Critical Warning: Node  "fxCntTemp[18]"
    Critical Warning: Node  "fxCntTemp[17]"
    Critical Warning: Node  "fxCntTemp[25]"
    Critical Warning: Node  "fxCntTemp[26]"
    Critical Warning: Node  "fxCntTemp[27]"
    Critical Warning: Node  "fxCntTemp[28]"
    Critical Warning: Node  "fxCntTemp[29]"
    Info: Truncated list of Design Assistant messages to 30 messages. Go to sections under Design Assistant section of Compilation Report for complete lists of Design Assistant messages generated.
Warning: (Medium) Rule C104: Clock signal source should drive only clock input ports. Found 2 nodes related to this rule.
    Warning: Node  "startCnt"
    Warning: Node  "clk_25mhz~reg0"
Info: (Information) Rule T101: Nodes with more than the specified number of fan-outs. (Value defined:30). Found 4 node(s) with highest fan-out.
    Info: Node  "PLL_test:PLL_test_inst|altpll:altpll_component|PLL_test_altpll:auto_generated|wire_pll1_clk[0]~clkctrl"
    Info: Node  "startCnt"
    Info: Node  "clk_25mhz~reg0clkctrl"
    Info: Node  "startCnt~clkctrl"
Info: (Information) Rule T102: Top nodes with the highest number of fan-outs. (Value defined:50). Found 50 node(s) with highest fan-out.
    Info: Node  "startCnt"
    Info: Node  "startCnt~clkctrl"
    Info: Node  "PLL_test:PLL_test_inst|altpll:altpll_component|PLL_test_altpll:auto_generated|wire_pll1_clk[0]~clkctrl"
    Info: Node  "clk_25mhz~reg0clkctrl"
    Info: Node  "Equal0~9"
    Info: Node  "clk_25mhz~reg0"
    Info: Node  "clk_cnthz~reg0"
    Info: Node  "fbaseCntTemp[8]"
    Info: Node  "counter3[6]"
    Info: Node  "counter3[16]"
    Info: Node  "fbaseCntTemp[9]"
    Info: Node  "fxCntTemp[10]"
    Info: Node  "counter3[17]"
    Info: Node  "counter3[7]"
    Info: Node  "counter3[18]"
    Info: Node  "fbaseCntTemp[19]"
    Info: Node  "fbaseCntTemp[20]"
    Info: Node  "counter3[19]"
    Info: Node  "counter3[10]"
    Info: Node  "counter3[21]"
    Info: Node  "fbaseCntTemp[15]"
    Info: Node  "counter3[22]"
    Info: Node  "fxCntTemp[6]"
    Info: Node  "counter3[23]"
    Info: Node  "fxCntTemp[27]"
    Info: Node  "fbaseCntTemp[7]"
    Info: Node  "counter3[20]"
    Info: Node  "fxCntTemp[25]"
    Info: Node  "fbaseCntTemp[11]"
    Info: Node  "counter3[11]"
    Info: Truncated list of Design Assistant messages to 30 messages. Go to sections under Design Assistant section of Compilation Report for complete lists of Design Assistant messages generated.
Info: Design Assistant information: finished post-fitting analysis of current design -- generated 54 information messages and 34 warning messages
Info: Quartus II 64-Bit Design Assistant was successful. 0 errors, 35 warnings
    Info: Peak virtual memory: 286 megabytes
    Info: Processing ended: Tue Jul 26 17:20:17 2016
    Info: Elapsed time: 00:00:01
    Info: Total CPU time (on all processors): 00:00:01


