------------------------------------------------------------
TimeQuest Timing Analyzer Summary
------------------------------------------------------------

Type  : Slow Model Setup 'clk_25mhz~reg0'
Slack : -4.886
TNS   : -95.522

Type  : Slow Model Setup 'sysclk'
Slack : -3.802
TNS   : -73.640

Type  : Slow Model Setup 'fx'
Slack : -3.799
TNS   : -74.099

Type  : Slow Model Setup 'startCnt'
Slack : -2.569
TNS   : -81.391

Type  : Slow Model Hold 'sysclk'
Slack : -2.548
TNS   : -43.204

Type  : Slow Model Hold 'fx'
Slack : -2.281
TNS   : -66.544

Type  : Slow Model Hold 'clk_25mhz~reg0'
Slack : 0.499
TNS   : 0.000

Type  : Slow Model Hold 'startCnt'
Slack : 0.580
TNS   : 0.000

Type  : Slow Model Minimum Pulse Width 'sysclk'
Slack : -1.941
TNS   : -50.913

Type  : Slow Model Minimum Pulse Width 'fx'
Slack : -1.777
TNS   : -50.749

Type  : Slow Model Minimum Pulse Width 'startCnt'
Slack : -0.742
TNS   : -94.976

Type  : Slow Model Minimum Pulse Width 'clk_25mhz~reg0'
Slack : -0.742
TNS   : -46.004

Type  : Fast Model Setup 'clk_25mhz~reg0'
Slack : -0.990
TNS   : -13.949

Type  : Fast Model Setup 'sysclk'
Slack : -0.842
TNS   : -9.260

Type  : Fast Model Setup 'fx'
Slack : -0.840
TNS   : -9.238

Type  : Fast Model Setup 'startCnt'
Slack : -0.581
TNS   : -14.627

Type  : Fast Model Hold 'sysclk'
Slack : -1.357
TNS   : -30.829

Type  : Fast Model Hold 'fx'
Slack : -1.095
TNS   : -33.072

Type  : Fast Model Hold 'clk_25mhz~reg0'
Slack : 0.215
TNS   : 0.000

Type  : Fast Model Hold 'startCnt'
Slack : 0.693
TNS   : 0.000

Type  : Fast Model Minimum Pulse Width 'sysclk'
Slack : -1.380
TNS   : -34.380

Type  : Fast Model Minimum Pulse Width 'fx'
Slack : -1.222
TNS   : -34.222

Type  : Fast Model Minimum Pulse Width 'startCnt'
Slack : -0.500
TNS   : -64.000

Type  : Fast Model Minimum Pulse Width 'clk_25mhz~reg0'
Slack : -0.500
TNS   : -31.000

------------------------------------------------------------
