C51 COMPILER V9.52.0.0   1602                                                              05/28/2016 10:07:51 PAGE 1   


C51 COMPILER V9.52.0.0, COMPILATION OF MODULE 1602
OBJECT MODULE PLACED IN 1602.OBJ
COMPILER INVOKED BY: D:\Keil\C51\BIN\C51.EXE 1602.c BROWSE DEBUG OBJECTEXTEND

line level    source

   1          #include <AT89x52.h>
   2          sbit lcden = P2^2;
   3          sbit lcdrs = P2^0;
   4          sbit lcdrw = P2^1;
   5          //void delay(uint x);
   6          //void set_pos(uchar pos);
   7          //void init_1602();
   8          //void write_data(uchar date);
   9          //void write_com(uchar com);
  10          
  11          /*ms延时函数*/
  12          void delay(uint x)
*** ERROR C141 IN LINE 12 OF 1602.c: syntax error near 'x', expected ')'
  13          {
  14   1              uint i,j;
*** ERROR C141 IN LINE 14 OF 1602.c: syntax error near 'i'
*** ERROR C202 IN LINE 14 OF 1602.c: 'i': undefined identifier
  15   1              for(i = 0; i < x; i++)
*** ERROR C202 IN LINE 15 OF 1602.c: 'i': undefined identifier
  16   1              for(j = 0; j < 112; j++);
*** ERROR C202 IN LINE 16 OF 1602.c: 'j': undefined identifier
  17   1      }
  18          /*********************写命令子程序***********************/
  19          void write_com(uchar com)
*** ERROR C141 IN LINE 19 OF 1602.c: syntax error near 'com', expected ')'
  20          {
  21   1              lcdrs = 0;
  22   1              P0 = com;
*** ERROR C202 IN LINE 22 OF 1602.c: 'com': undefined identifier
  23   1              delay(5);
  24   1              lcden = 1;
  25   1              delay(5);
  26   1              lcden = 0;
  27   1      }
  28          /*********************写数据子程序*************************/
  29          void write_data(uchar date)
*** ERROR C141 IN LINE 29 OF 1602.c: syntax error near 'date', expected ')'
  30          {
  31   1              lcdrs = 1;
  32   1              P0 = date;
*** ERROR C202 IN LINE 32 OF 1602.c: 'date': undefined identifier
  33   1              delay(5);
  34   1              lcden = 1;
  35   1              delay(5);
  36   1              lcden = 0;
  37   1      }
  38          
  39          /********************初始化子程序**************************/
  40          void init_1602()
  41          {
  42   1              lcden = 0;
  43   1              lcdrw = 0;
  44   1              write_com(0x38);//设置16*2显示
  45   1              write_com(0x0c);//设置开显示，不显示光标（显示改0e）
  46   1              write_com(0x06);//写一个字符后地址指针加1
C51 COMPILER V9.52.0.0   1602                                                              05/28/2016 10:07:51 PAGE 2   

  47   1              write_com(0x01);//显示清0，数据指针清0
  48   1              write_com(0x80 + 0x1); //这里可能需要修改指针位置
  49   1              
  50   1      }
  51          /*******************设置指针位置程序************************/
  52          void set_pos(uchar pos)
*** ERROR C141 IN LINE 52 OF 1602.c: syntax error near 'pos', expected ')'
  53          {
  54   1              write_com(pos | 0x80);
*** ERROR C202 IN LINE 54 OF 1602.c: 'pos': undefined identifier
  55   1      }

C51 COMPILATION COMPLETE.  0 WARNING(S),  11 ERROR(S)
